Name	Abundance
Acinetobacter.01	0.0
Acinetobacter.02	4.888888888888889
Actinomyces.01	0.8888888888888888
Actinomyces.02	47.44444444444444
Alicyclobacillus.01	23.333333333333332
Anaerococcus.01	4.444444444444445
Anaerococcus.02	0.7777777777777778
Atopobium.01	2.111111111111111
Atopobium.02	36.44444444444444
Bifidobacterium.01	0.2222222222222222
Bulleidia.01	0.1111111111111111
Burkholderia.01	0.6666666666666666
Campylobacter.01	43.0
Capnocytophaga.01	2.6666666666666665
Carnobacterium.01	0.4444444444444444
Catonella.01	2.888888888888889
C.Betaproteobacteria.01	5.0
C.Betaproteobacteria.02	19.666666666666668
C.Gammaproteobacteria.01	0.8888888888888888
C.Gammaproteobacteria.02	0.4444444444444444
C.Gammaproteobacteria.03	8.222222222222221
C.Gammaproteobacteria.04	4.333333333333333
C.Gammaproteobacteria.05	4.333333333333333
C.Gammaproteobacteria.06	5.222222222222222
C.Gammaproteobacteria.07	0.7777777777777778
C.Gammaproteobacteria.08	2.2222222222222223
C.Gammaproteobacteria.09	2.0
C.Gammaproteobacteria.10	0.8888888888888888
C.Gammaproteobacteria.11	0.5555555555555556
Chryseobacterium.01	0.6666666666666666
Corynebacterium.01	6.666666666666667
Corynebacterium.02	7.333333333333333
Dolosigranulum.01	0.0
Dyella.01	0.8888888888888888
Eubacterium.01	1.1111111111111112
F.Alcaligenaceae.01	9.0
F.Burkholderiaceae.01	1.7777777777777777
F.Burkholderiaceae.02	8.222222222222221
F.Carnobacteriaceae.01	6.777777777777778
F.Comamonadaceae.01	14.11111111111111
F.Comamonadaceae.02	15.0
F.Enterobacteriaceae.01	1.5555555555555556
F.Erysipelotrichaceae.01	2.111111111111111
F.Neisseriaceae.01	0.0
F.Pasteurellaceae.01	0.1111111111111111
F.Pasteurellaceae.02	116.22222222222223
F.Prevotellaceae.01	23.88888888888889
F.Prevotellaceae.02	16.444444444444443
F.Prevotellaceae.03	5.111111111111111
F.Pseudomonadaceae.01	1.0
F.Pseudomonadaceae.02	64.77777777777777
F.Rhodocyclaceae.01	15.0
Fusobacterium.01	0.2222222222222222
Fusobacterium.02	46.666666666666664
F.Xanthomonadaceae.01	0.2222222222222222
Gemella.01	4.555555555555555
Gp2.01	6.444444444444445
Gp2.02	2.888888888888889
Lactobacillus.01	9.0
Marinobacter.01	6.333333333333333
Megasphaera.01	1.0
Metascardovia.01	5.444444444444445
Microbacterium.01	0.4444444444444444
Mogibacterium.01	8.11111111111111
Mycoplasma.01	6.777777777777778
Neisseria.01	2.3333333333333335
O.Actinomycetales.01	147.55555555555554
O.Actinomycetales.02	26.555555555555557
O.Actinomycetales.03	1.7777777777777777
O.Actinomycetales.04	1.6666666666666667
O.Bacteroidales.01	0.4444444444444444
O.Bacteroidales.02	2.2222222222222223
O.Burkholderiales.01	0.7777777777777778
O.Clostridiales.01	15.444444444444445
O.Clostridiales.02	3.4444444444444446
O.Clostridiales.03	2.6666666666666665
O.Clostridiales.04	9.88888888888889
O.Clostridiales.05	5.111111111111111
Paracoccus.01	0.8888888888888888
Parvimonas.01	1.0
Parvimonas.02	7.777777777777778
Parvimonas.03	1.4444444444444444
Peptoniphilus.01	1.0
Peptoniphilus.02	4.666666666666667
Peptoniphilus.03	0.1111111111111111
Peptostreptococcus.01	0.1111111111111111
P.Firmicutes.01	32.55555555555556
Porphyromonas.01	1.2222222222222223
Porphyromonas.02	30.555555555555557
Porphyromonas.03	3.888888888888889
Prevotella.01	1.5555555555555556
Prevotella.02	114.77777777777777
Prevotella.03	52.888888888888886
Prevotella.04	30.77777777777778
Prevotella.05	23.666666666666668
Prevotella.06	2.4444444444444446
Prevotella.07	1.8888888888888888
Prevotella.08	2.2222222222222223
Prevotella.09	2.5555555555555554
Prevotella.10	0.0
Propionibacterium.01	1.2222222222222223
Propionibacterium.02	204.66666666666666
Pseudomonas.01	16.22222222222222
Pseudomonas.02	9.333333333333334
Ralstonia.01	7.444444444444445
Rhizobium.01	234.0
Selenomonas.01	4.888888888888889
Selenomonas.02	10.666666666666666
Selenomonas.03	4.444444444444445
Solobacterium.01	2.4444444444444446
Staphylococcus.01	23.0
Streptococcus.01	26.555555555555557
Sulfuricurvum.01	219.55555555555554
Tannerella.01	0.2222222222222222
TM7_genus_incertae_sedis.01	1.4444444444444444
TM7_genus_incertae_sedis.02	62.666666666666664
TM7_genus_incertae_sedis.03	20.333333333333332
TM7_genus_incertae_sedis.04	48.333333333333336
TM7_genus_incertae_sedis.05	9.777777777777779
TM7_genus_incertae_sedis.06	1.3333333333333333
TM7_genus_incertae_sedis.07	1.4444444444444444
TM7_genus_incertae_sedis.08	0.7777777777777778
Treponema.01	1.3333333333333333
Tropheryma.01	2.6666666666666665
Veillonella.01	0.0
Veillonella.02	73.11111111111111
